python : C:\Users\chenb\AppData\Roaming\Python\Python3
11\site-packages\requests\__init__.py:113: RequestsDep
endencyWarning: urllib3 (1.26.20) or chardet (7.0.1)/c
harset_normalizer (3.4.5) doesn't match a supported ve
rsion!
所在位置 行:1 字符: 1
+ python D:\videoCapter\test_native_pipeline.py > test
_log.txt 2>&1
+ ~~~~~~~~~~~~~~~~~~~~~~~~~~~~~~~~~~~~~~~~~~~~~~~~~~~~
~~~~~~~~~~~~~
    + CategoryInfo          : NotSpecified: (C:\Users 
   \chenb\...ported version!:String) [], RemoteExcep  
  tion
    + FullyQualifiedErrorId : NativeCommandError
 
  warnings.warn(
2026-04-01 19:51:00,549 - INFO - separator - Separator
 version 0.44.1 instantiating with output_dir: None, o
utput_format: WAV
2026-04-01 19:51:00,550 - INFO - separator - Output di
rectory not specified. Using current working directory
.
2026-04-01 19:51:00,550 - INFO - separator - Using mod
el directory from model_file_dir parameter: /tmp/audio
-separator-models/
2026-04-01 19:51:00,550 - INFO - separator - Operating
 System: Windows 10.0.26200
2026-04-01 19:51:00,550 - INFO - separator - System: W
indows Node: Berlin Release: 10 Machine: AMD64 Proc: I
ntel64 Family 6 Model 151 Stepping 2, GenuineIntel
2026-04-01 19:51:00,550 - INFO - separator - Python Ve
rsion: 3.11.9
2026-04-01 19:51:00,550 - INFO - separator - PyTorch V
ersion: 2.8.0+cu129
2026-04-01 19:51:00,578 - INFO - separator - FFmpeg in
stalled: ffmpeg version 8.1-full_build-www.gyan.dev Co
pyright (c) 2000-2026 the FFmpeg developers
2026-04-01 19:51:00,580 - INFO - separator - ONNX Runt
ime GPU package installed with version: 1.24.4
2026-04-01 19:51:00,581 - INFO - separator - ONNX Runt
ime CPU package installed with version: 1.24.4
2026-04-01 19:51:00,582 - INFO - separator - CUDA is a
vailable in Torch, setting Torch device to CUDA
2026-04-01 19:51:00,582 - INFO - separator - ONNXrunti
me has CUDAExecutionProvider available, enabling accel
eration
2026-04-01 19:51:00,582 - INFO - separator - Loading m
odel UVR-MDX-NET-Voc_FT.onnx...
2026-04-01 19:51:00,613 - INFO - separator - Hash of m
odel file /tmp/audio-separator-models/UVR-MDX-NET-Voc_
FT.onnx is 77d07b2667ddf05b9e3175941b4454a0
2026-04-01 19:51:01,018 - INFO - separator - Loading m
odel UVR-MDX-NET-Inst_HQ_3.onnx...
2026-04-01 19:51:01,049 - INFO - separator - Hash of m
odel file /tmp/audio-separator-models/UVR-MDX-NET-Inst
_HQ_3.onnx is 55657dd70583b0fedfba5f67df11d711

[1] 正在截取前 60 秒的视频用于测试...
[+] 视频截取成功。
[VideoEditor] 初始化完成 (device=cuda)
[VideoEditor] UVR=可用 | F5-TTS=不可用

[2] 开始分离人声与背景音 (UVR)...
[*] 正在进行人声分离 (UVR): test_1min.mp4
[!] 默认模型加载失败，尝试备选模型...
[-] 分离人声失败 (跳过): operator torchvision::nms does not exist

[3] 提取英文字幕 (Faster-Whisper)...
[*] 加载 Faster-Whisper (base) on CUDA...
[+] Whisper 模型加载完成
[*] [降级] 转录中: D:\videoCapter\output\test_1min.mp4
[*] 转录完成 (22 段, 2.9s)
[*] [降级] 并发翻译 22 段...
    [翻译] 10/22 完成
    [翻译] 20/22 完成
    [翻译] 22/22 完成
[+] 字幕文件: D:\videoCapter\output\test_1min\test_1min_bilingual.srt

[4] 开始等时长限制翻译 (共 22 句)...
  [1/22] 4.4s | In Woodsboro, Scott and his girlfriend Madison arrive at an infamous house.
  -> 翻译(19字): 斯科特和女友麦迪逊来到伍兹伯勒的凶宅。
  [2/22] 4.2s | Many years ago, a series of murders happened there, and now it's become an attraction.
  -> 翻译(20字): 多年前那地发生连环杀人案，如今成了景点。
  [3/22] 3.2s | People can rent it to spend the weekend and admire the decorations that represent the
  -> 翻译(12字): 可租来度周末赏装饰代表物
  [4/22] 1.0s | crimes.
  -> 翻译(2字): 罪行
  [5/22] 3.7s | Scott is a big fan so he's taking dozens of photos, but Madison is bored.
  -> 翻译(16字): 斯科特狂拍照，麦迪逊却觉得无聊。
  [6/22] 2.1s | They split when she goes to the bathroom.
  -> 翻译(11字): 她去洗手间时他们就分了
  [7/22] 3.0s | Minutes later, Madison comes out and can't find Scott.
  -> 翻译(14字): 随后麦迪逊出来找不到斯科特。
  [8/22] 3.8s | She searches every room and turns on the lights, only to be startled by the legendary killer
  -> 翻译(18字): 她搜遍每间房开灯，却被传奇杀手吓一跳
  [9/22] 1.3s | ghost face.
  -> 翻译(5字): 鬼脸杀手啊
  [10/22] 2.6s | She screams and runs until she bumps into Scott.
  -> 翻译(12字): 她尖叫着逃跑撞上了斯科特
  [11/22] 3.6s | After she tells him what happened, Scott goes into the room and finds ghost face, but
  -> 翻译(11字): 斯科特进屋发现鬼脸面具
  [12/22] 2.0s | he's just a doll with a motion sensor.
  -> 翻译(11字): 他只是个带感应的人偶。
  [13/22] 3.8s | Nearby there's a small memorial shrine for stew, one of the men behind the original ghost
  -> 翻译(15字): 附近有个纪念 stew 的神龛
  [14/22] 1.0s | face.
  -> 翻译(1字): 脸
  [15/22] 3.5s | He was killed by a television thrown on his head, but some people theorize he's still
  -> 翻译(12字): 被电视砸死但他可能还活着
  [16/22] 1.0s | alive.
  -> 翻译(3字): 活着呢
  [17/22] 3.5s | Then the house phone rings and Scott rushes to pick it up, since this is also part of
  -> 翻译(17字): 这时家里电话响起，斯科特赶紧接起。
  [18/22] 1.2s | the experience.
  -> 翻译(3字): 这经历
  [19/22] 3.8s | He answers a bunch of horror questions, but hangs up when he gets one wrong.
  -> 翻译(18字): 他答对一堆恐怖题，错一个就挂断电话。
  [20/22] 3.4s | After Scott goes to the bathroom, Madison gets a call on her cell phone.
  -> 翻译(16字): 斯科特去厕所后，麦迪逊手机响了。
  [21/22] 3.6s | A creepy voice tells her she's going to die, and she plays along because she thinks it's
  -> 翻译(22字): 恐怖声音说她快死了，她配合着演因为以为那是假
  [22/22] 0.4s | part of the game.
  -> 翻译(2字): 游戏

[5] F5-TTS 生成时间适配配音...
[!] F5-TTS 未安装，跳过配音生成
[-] 配音失败
